maude tool: 'maude'
 checking version: 3.5.1. OK.
 checking installation: OK.
[Theory Common] Theory loaded
[Theory Common] Theory translated
[Theory Common] Derivation checks started
[Theory Common] Derivation checks ended
[Theory Common] Theory closed
theory Common begin

// Function signature and definition of the equational theory E

functions: fst/1, pair/2, snd/1
equations: fst(<x.1, x.2>) = x.1, snd(<x.1, x.2>) = x.2











/* All wellformedness checks were successful. */

/*
Generated from:
Tamarin version 1.10.0
Maude version 3.5.1
Git revision: UNKNOWN, branch: UNKNOWN
Compiled at: 2025-12-19 02:05:44.696222109 UTC
*/

end

==============================================================================
summary of summaries:

analyzed: proofs/tamarin/common.spthy

  processing time: 0.74s


==============================================================================
